
================================================================================
Article ID: GSO_c496c9ae14e02e6a | Attempt: 1
Error: Cannot extract valid JSON from response: line 1 column 1 (char 0)
Raw response (46641 chars):
{
"id": "GSO_c496c9ae14e02e6a",
"date_iso": "2026-04-04T00:00:00",
"full_text": "I. BỐI CẢNH KINH TẾ THẾ GIỚI VÀ TRONG NƯỚC\nTình hình thế giới quý I/2026 tiếp tục diễn biến phức tạp, khó lường khi xung đột vũ trang tại Trung Đông gia tăng, đe dọa đến hòa bình, an ninh toàn cầu, gây biến động mạnh về giá năng lượng, gián đoạn chuỗi cung ứng và gia tăng áp lực lạm phát. Đồng thời, bất ổn dai dẳng về chính sách thương mại cùng với tác động của thiên tai, biến đổi khí hậu đặt ra thách thức lớn đối với tăng trưởng kinh tế thế giới. Trong bối cảnh đó, kinh tế toàn cầu được dự báo vẫn duy trì đà tăng trưởng từ năm 2025 do triển vọng đầu tư trực tiếp nước ngoài có xu hướng tăng và đầu tư vào sản xuất công nghệ mạnh mẽ trở thành xu thế mới, là động lực quan trọng thúc đẩy tăng trưởng toàn cầu trong năm 2026.\nCác tổ chức quốc tế giữ nguyên hoặc điều chỉnh tăng trưởng toàn cầu năm 2026 cao hơn so với dự báo đưa ra trước đó khi tăng trưởng của một số nền kinh tế như Hoa Kỳ, khu vực ASEAN được dự báo tăng, bù đắp mức sụt giảm của khu vực châu Âu và phần còn lại của thế giới. Tháng 01/2026, Quỹ Tiền tệ quốc tế (IMF) [1] , Liên hợp quốc (UN) [2] và Ngân hàng Thế giới (WB) [3] dự báo tăng trưởng kinh tế toàn cầu lần lượt đạt 3,3%, 2,7% và 2,6%, cùng điều chỉnh tăng 0,2 điểm phần trăm so với dự báo đưa ra trước đó. Tháng 3/2026, Tổ chức Hợp tác và Phát triển kinh tế (OECD) [4] , Fitch Ratings [5] dự báo tăng trưởng kinh tế toàn cầu lần lượt đạt 2,9% và 2,6%, không thay đổi và tăng 0,2 điểm phần trăm so với dự báo đưa ra trong tháng 12/2025. Tuy nhiên, hầu hết các tổ chức quốc tế đều dự báo tăng trưởng kinh tế toàn cầu năm 2026 thấp hơn năm 2025 từ 0,1 đến 0,4 điểm phần trăm.\nCác tổ chức quốc tế đưa ra những đánh giá khác nhau về tăng trưởng kinh tế của các quốc gia Đông Nam Á [6] năm 2026 nhưng đều cho rằng tăng trưởng của Việt Nam cao nhất khu vực. Theo đó, tăng trưởng năm 2026 của Việt Nam được dự báo trong khoảng từ 6,0-7,6% [7] ; Phi-li-pin từ 5,3-5,7%; In-đô-nê-xi-a từ 4,8-5
... [truncated, total 46641 chars]
================================================================================

================================================================================
Article ID: GSO_c496c9ae14e02e6a | Attempt: 2
Error: Cannot extract valid JSON from response: line 1 column 1 (char 0)
Raw response (46640 chars):
{
"id": "GSO_c496c9ae14e02e6a",
"date_iso": "2026-04-04T00:00:00",
"full_text": "I. BỐI CẢNH KINH TẾ THẾ GIỚI VÀ TRONG NƯỚC\nTình hình thế giới quý I/2026 tiếp tục diễn biến phức tạp, khó lường khi xung đột vũ trang tại Trung Đông gia tăng, đe dọa đến hòa bình, an ninh toàn cầu, gây biến động mạnh về giá năng lượng, gián đoạn chuỗi cung ứng và gia tăng áp lực lạm phát. Đồng thời, bất ổn dai dẳng về chính sách thương mại cùng với tác động của thiên tai, biến đổi khí hậu đặt ra thách thức lớn đối với tăng trưởng kinh tế thế giới. Trong bối cảnh đó, kinh tế toàn cầu được dự báo vẫn duy trì đà tăng trưởng từ năm 2025 do triển vọng đầu tư trực tiếp nước ngoài có xu hướng tăng và đầu tư vào sản xuất công nghệ mạnh mẽ trở thành xu thế mới, là động lực quan trọng thúc đẩy tăng trưởng toàn cầu trong năm 2026.\nCác tổ chức quốc tế giữ nguyên hoặc điều chỉnh tăng trưởng toàn cầu năm 2026 cao hơn so với dự báo đưa ra trước đó khi tăng trưởng của một số nền kinh tế như Hoa Kỳ, khu vực ASEAN được dự báo tăng, bù đắp mức sụt giảm của khu vực châu Âu và phần còn lại của thế giới. Tháng 01/2026, Quỹ Tiền tệ quốc tế (IMF) [1] , Liên hợp quốc (UN) [2] và Ngân hàng Thế giới (WB) [3] dự báo tăng trưởng kinh tế toàn cầu lần lượt đạt 3,3%, 2,7% và 2,6%, cùng điều chỉnh tăng 0,2 điểm phần trăm so với dự báo đưa ra trước đó. Tháng 3/2026, Tổ chức Hợp tác và Phát triển kinh tế (OECD) [4] , Fitch Ratings [5] dự báo tăng trưởng kinh tế toàn cầu lần lượt đạt 2,9% và 2,6%, không thay đổi và tăng 0,2 điểm phần trăm so với dự báo đưa ra trong tháng 12/2025. Tuy nhiên, hầu hết các tổ chức quốc tế đều dự báo tăng trưởng kinh tế toàn cầu năm 2026 thấp hơn năm 2025 từ 0,1 đến 0,4 điểm phần trăm.\nCác tổ chức quốc tế đưa ra những đánh giá khác nhau về tăng trưởng kinh tế của các quốc gia Đông Nam Á [6] năm 2026 nhưng đều cho rằng tăng trưởng của Việt Nam cao nhất khu vực. Theo đó, tăng trưởng năm 2026 của Việt Nam được dự báo trong khoảng từ 6,0-7,6% [7] ; Phi-li-pin từ 5,3-5,7%; In-đô-nê-xi-a từ 4,8-5
... [truncated, total 46640 chars]
================================================================================

================================================================================
Article ID: GSO_c496c9ae14e02e6a | Attempt: 3
Error: Cannot extract valid JSON from response: line 1 column 1 (char 0)
Raw response (46717 chars):
{
"id": "GSO_c496c9ae14e02e6a",
"date_iso": "2026-04-04T00:00:00",
"full_text": "I. BỐI CẢNH KINH TẾ THẾ GIỚI VÀ TRONG NƯỚC\nTình hình thế giới quý I/2026 tiếp tục diễn biến phức tạp, khó lường khi xung đột vũ trang tại Trung Đông gia tăng, đe dọa đến hòa bình, an ninh toàn cầu, gây biến động mạnh về giá năng lượng, gián đoạn chuỗi cung ứng và gia tăng áp lực lạm phát. Đồng thời, bất ổn dai dẳng về chính sách thương mại cùng với tác động của thiên tai, biến đổi khí hậu đặt ra thách thức lớn đối với tăng trưởng kinh tế thế giới. Trong bối cảnh đó, kinh tế toàn cầu được dự báo vẫn duy trì đà tăng trưởng từ năm 2025 do triển vọng đầu tư trực tiếp nước ngoài có xu hướng tăng và đầu tư vào sản xuất công nghệ mạnh mẽ trở thành xu thế mới, là động lực quan trọng thúc đẩy tăng trưởng toàn cầu trong năm 2026.\nCác tổ chức quốc tế giữ nguyên hoặc điều chỉnh tăng trưởng toàn cầu năm 2026 cao hơn so với dự báo đưa ra trước đó khi tăng trưởng của một số nền kinh tế như Hoa Kỳ, khu vực ASEAN được dự báo tăng, bù đắp mức sụt giảm của khu vực châu Âu và phần còn lại của thế giới. Tháng 01/2026, Quỹ Tiền tệ quốc tế (IMF) [1] , Liên hợp quốc (UN) [2] và Ngân hàng Thế giới (WB) [3] dự báo tăng trưởng kinh tế toàn cầu lần lượt đạt 3,3%, 2,7% và 2,6%, cùng điều chỉnh tăng 0,2 điểm phần trăm so với dự báo đưa ra trước đó. Tháng 3/2026, Tổ chức Hợp tác và Phát triển kinh tế (OECD) [4] , Fitch Ratings [5] dự báo tăng trưởng kinh tế toàn cầu lần lượt đạt 2,9% và 2,6%, không thay đổi và tăng 0,2 điểm phần trăm so với dự báo đưa ra trong tháng 12/2025. Tuy nhiên, hầu hết các tổ chức quốc tế đều dự báo tăng trưởng kinh tế toàn cầu năm 2026 thấp hơn năm 2025 từ 0,1 đến 0,4 điểm phần trăm.\nCác tổ chức quốc tế đưa ra những đánh giá khác nhau về tăng trưởng kinh tế của các quốc gia Đông Nam Á [6] năm 2026 nhưng đều cho rằng tăng trưởng của Việt Nam cao nhất khu vực. Theo đó, tăng trưởng năm 2026 của Việt Nam được dự báo trong khoảng từ 6,0-7,6% [7] ; Phi-li-pin từ 5,3-5,7%; In-đô-nê-xi-a từ 4,8-5
... [truncated, total 46717 chars]
================================================================================

================================================================================
Article ID: GSO_c496c9ae14e02e6a | Attempt: 4
Error: Cannot extract valid JSON from response: line 1 column 1 (char 0)
Raw response (46638 chars):
{
"id": "GSO_c496c9ae14e02e6a",
"date_iso": "2026-04-04T00:00:00",
"full_text": "I. BỐI CẢNH KINH TẾ THẾ GIỚI VÀ TRONG NƯỚC\nTình hình thế giới quý I/2026 tiếp tục diễn biến phức tạp, khó lường khi xung đột vũ trang tại Trung Đông gia tăng, đe dọa đến hòa bình, an ninh toàn cầu, gây biến động mạnh về giá năng lượng, gián đoạn chuỗi cung ứng và gia tăng áp lực lạm phát. Đồng thời, bất ổn dai dẳng về chính sách thương mại cùng với tác động của thiên tai, biến đổi khí hậu đặt ra thách thức lớn đối với tăng trưởng kinh tế thế giới. Trong bối cảnh đó, kinh tế toàn cầu được dự báo vẫn duy trì đà tăng trưởng từ năm 2025 do triển vọng đầu tư trực tiếp nước ngoài có xu hướng tăng và đầu tư vào sản xuất công nghệ mạnh mẽ trở thành xu thế mới, là động lực quan trọng thúc đẩy tăng trưởng toàn cầu trong năm 2026.\nCác tổ chức quốc tế giữ nguyên hoặc điều chỉnh tăng trưởng toàn cầu năm 2026 cao hơn so với dự báo đưa ra trước đó khi tăng trưởng của một số nền kinh tế như Hoa Kỳ, khu vực ASEAN được dự báo tăng, bù đắp mức sụt giảm của khu vực châu Âu và phần còn lại của thế giới. Tháng 01/2026, Quỹ Tiền tệ quốc tế (IMF) [1] , Liên hợp quốc (UN) [2] và Ngân hàng Thế giới (WB) [3] dự báo tăng trưởng kinh tế toàn cầu lần lượt đạt 3,3%, 2,7% và 2,6%, cùng điều chỉnh tăng 0,2 điểm phần trăm so với dự báo đưa ra trước đó. Tháng 3/2026, Tổ chức Hợp tác và Phát triển kinh tế (OECD) [4] , Fitch Ratings [5] dự báo tăng trưởng kinh tế toàn cầu lần lượt đạt 2,9% và 2,6%, không thay đổi và tăng 0,2 điểm phần trăm so với dự báo đưa ra trong tháng 12/2025. Tuy nhiên, hầu hết các tổ chức quốc tế đều dự báo tăng trưởng kinh tế toàn cầu năm 2026 thấp hơn năm 2025 từ 0,1 đến 0,4 điểm phần trăm.\nCác tổ chức quốc tế đưa ra những đánh giá khác nhau về tăng trưởng kinh tế của các quốc gia Đông Nam Á [6] năm 2026 nhưng đều cho rằng tăng trưởng của Việt Nam cao nhất khu vực. Theo đó, tăng trưởng năm 2026 của Việt Nam được dự báo trong khoảng từ 6,0-7,6% [7] ; Phi-li-pin từ 5,3-5,7%; In-đô-nê-xi-a từ 4,8-5
... [truncated, total 46638 chars]
================================================================================

================================================================================
Article ID: GSO_c496c9ae14e02e6a | Attempt: 5
Error: Cannot extract valid JSON from response: line 1 column 1 (char 0)
Raw response (46640 chars):
{
"id": "GSO_c496c9ae14e02e6a",
"date_iso": "2026-04-04T00:00:00",
"full_text": "I. BỐI CẢNH KINH TẾ THẾ GIỚI VÀ TRONG NƯỚC\nTình hình thế giới quý I/2026 tiếp tục diễn biến phức tạp, khó lường khi xung đột vũ trang tại Trung Đông gia tăng, đe dọa đến hòa bình, an ninh toàn cầu, gây biến động mạnh về giá năng lượng, gián đoạn chuỗi cung ứng và gia tăng áp lực lạm phát. Đồng thời, bất ổn dai dẳng về chính sách thương mại cùng với tác động của thiên tai, biến đổi khí hậu đặt ra thách thức lớn đối với tăng trưởng kinh tế thế giới. Trong bối cảnh đó, kinh tế toàn cầu được dự báo vẫn duy trì đà tăng trưởng từ năm 2025 do triển vọng đầu tư trực tiếp nước ngoài có xu hướng tăng và đầu tư vào sản xuất công nghệ mạnh mẽ trở thành xu thế mới, là động lực quan trọng thúc đẩy tăng trưởng toàn cầu trong năm 2026.\nCác tổ chức quốc tế giữ nguyên hoặc điều chỉnh tăng trưởng toàn cầu năm 2026 cao hơn so với dự báo đưa ra trước đó khi tăng trưởng của một số nền kinh tế như Hoa Kỳ, khu vực ASEAN được dự báo tăng, bù đắp mức sụt giảm của khu vực châu Âu và phần còn lại của thế giới. Tháng 01/2026, Quỹ Tiền tệ quốc tế (IMF) [1] , Liên hợp quốc (UN) [2] và Ngân hàng Thế giới (WB) [3] dự báo tăng trưởng kinh tế toàn cầu lần lượt đạt 3,3%, 2,7% và 2,6%, cùng điều chỉnh tăng 0,2 điểm phần trăm so với dự báo đưa ra trước đó. Tháng 3/2026, Tổ chức Hợp tác và Phát triển kinh tế (OECD) [4] , Fitch Ratings [5] dự báo tăng trưởng kinh tế toàn cầu lần lượt đạt 2,9% và 2,6%, không thay đổi và tăng 0,2 điểm phần trăm so với dự báo đưa ra trong tháng 12/2025. Tuy nhiên, hầu hết các tổ chức quốc tế đều dự báo tăng trưởng kinh tế toàn cầu năm 2026 thấp hơn năm 2025 từ 0,1 đến 0,4 điểm phần trăm.\nCác tổ chức quốc tế đưa ra những đánh giá khác nhau về tăng trưởng kinh tế của các quốc gia Đông Nam Á [6] năm 2026 nhưng đều cho rằng tăng trưởng của Việt Nam cao nhất khu vực. Theo đó, tăng trưởng năm 2026 của Việt Nam được dự báo trong khoảng từ 6,0-7,6% [7] ; Phi-li-pin từ 5,3-5,7%; In-đô-nê-xi-a từ 4,8-5
... [truncated, total 46640 chars]
================================================================================

================================================================================
Article ID: GSO_39b14df2059fa581 | Attempt: 1
Error: Cannot extract valid JSON from response: line 1 column 1 (char 0)
Raw response (14976 chars):
{
"id": "GSO_39b14df2059fa581",
"date_iso": "2026-01-11T00:00:00",
"full_text": "Năm 2025, kinh tế số tiếp tục khẳng định vai trò là một trong những động lực tăng trưởng quan trọng của nền kinh tế Việt Nam, gắn chặt với tiến trình chuyển đổi số quốc gia. Tỷ trọng giá trị tăng thêm của kinh tế số trong GDP ước đạt 14,02%, tương đương khoảng 72,1 tỷ USD, tăng 1,64 lần so với năm 2020. Kinh tế số phát triển theo cả chiều rộng và chiều sâu, trong đó các ngành kinh tế số lõi chiếm trên 60%, đồng thời mức độ số hóa trong các ngành, lĩnh vực ngày càng được mở rộng, đặc biệt là thương mại, tài chính, dịch vụ hành chính và hạ tầng năng lượng. Ở cấp địa phương, kinh tế số đã trở thành nhân tố tạo khác biệt về tăng trưởng, với một số tỉnh, thành phố có tỷ trọng đóng góp trong GRDP vượt 20%. Những kết quả này phản ánh hiệu quả bước đầu của Chiến lược chuyển đổi số quốc gia, vai trò dẫn dắt của Chính phủ số và nỗ lực đồng bộ của các cấp, các ngành, doanh nghiệp và người dân trong phát triển kinh tế số và xã hội số.\n1. Vai trò của kinh tế số\nKinh tế số giữ vai trò động lực trung tâm của tăng trưởng kinh tế nhanh và bền vững, thông qua việc ứng dụng công nghệ thông tin, trí tuệ nhân tạo, thương mại điện tử và các nền tảng số trong toàn bộ quá trình sản xuất – kinh doanh và quản lý xã hội. Việc đẩy mạnh chuyển đổi số góp phần nâng cao năng suất lao động, đổi mới mô hình tăng trưởng, mở rộng không gian thị trường, đồng thời cải thiện chất lượng dịch vụ và đời sống người dân.\nTrên thế giới, một số quốc gia đã nghiên cứu, công bố chỉ tiêu tỷ trọng giá trị tăng thêm của kinh tế số trong GDP nhưng không thường xuyên và có sự khác biệt về kết quả giữa các quốc gia, cụ thể: Ca-na-đa năm 2018 là 5,4% và năm 2019 là 5,5%; Mỹ giai đoạn 2020-2022 lần lượt là 10,4%, 10,3% và 10,1%; Ô-xtrây-li-a giai đoạn 2020-2024 lần lượt là 6,3%, 6,4%, 6,2%, 6,2% và 6,3%; Thái Lan [1] năm 2023 khoảng 6% (tương đương 36 tỷ đô la) và dự kiến sẽ đạt khoảng 11% vào năm 2027; Xin-ga-po năm 2022 là 17,3%, năm 2
... [truncated, total 14976 chars]
================================================================================

================================================================================
Article ID: GSO_39b14df2059fa581 | Attempt: 2
Error: Cannot extract valid JSON from response: line 1 column 1 (char 0)
Raw response (14602 chars):
{
"id": "GSO_39b14df2059fa581",
"date_iso": "2026-01-11T00:00:00",
"full_text": "Năm 2025, kinh tế số tiếp tục khẳng định vai trò là một trong những động lực tăng trưởng quan trọng của nền kinh tế Việt Nam, gắn chặt với tiến trình chuyển đổi số quốc gia. Tỷ trọng giá trị tăng thêm của kinh tế số trong GDP ước đạt 14,02%, tương đương khoảng 72,1 tỷ USD, tăng 1,64 lần so với năm 2020. Kinh tế số phát triển theo cả chiều rộng và chiều sâu, trong đó các ngành kinh tế số lõi chiếm trên 60%, đồng thời mức độ số hóa trong các ngành, lĩnh vực ngày càng được mở rộng, đặc biệt là thương mại, tài chính, dịch vụ hành chính và hạ tầng năng lượng. Ở cấp địa phương, kinh tế số đã trở thành nhân tố tạo khác biệt về tăng trưởng, với một số tỉnh, thành phố có tỷ trọng đóng góp trong GRDP vượt 20%. Những kết quả này phản ánh hiệu quả bước đầu của Chiến lược chuyển đổi số quốc gia, vai trò dẫn dắt của Chính phủ số và nỗ lực đồng bộ của các cấp, các ngành, doanh nghiệp và người dân trong phát triển kinh tế số và xã hội số.\n1. Vai trò của kinh tế số\nKinh tế số giữ vai trò động lực trung tâm của tăng trưởng kinh tế nhanh và bền vững, thông qua việc ứng dụng công nghệ thông tin, trí tuệ nhân tạo, thương mại điện tử và các nền tảng số trong toàn bộ quá trình sản xuất – kinh doanh và quản lý xã hội. Việc đẩy mạnh chuyển đổi số góp phần nâng cao năng suất lao động, đổi mới mô hình tăng trưởng, mở rộng không gian thị trường, đồng thời cải thiện chất lượng dịch vụ và đời sống người dân.\nTrên thế giới, một số quốc gia đã nghiên cứu, công bố chỉ tiêu tỷ trọng giá trị tăng thêm của kinh tế số trong GDP nhưng không thường xuyên và có sự khác biệt về kết quả giữa các quốc gia, cụ thể: Ca-na-đa năm 2018 là 5,4% và năm 2019 là 5,5%; Mỹ giai đoạn 2020-2022 lần lượt là 10,4%, 10,3% và 10,1%; Ô-xtrây-li-a giai đoạn 2020-2024 lần lượt là 6,3%, 6,4%, 6,2%, 6,2% và 6,3%; Thái Lan [1] năm 2023 khoảng 6% (tương đương 36 tỷ đô la) và dự kiến sẽ đạt khoảng 11% vào năm 2027; Xin-ga-po năm 2022 là 17,3%, năm 2
... [truncated, total 14602 chars]
================================================================================

================================================================================
Article ID: GSO_39b14df2059fa581 | Attempt: 3
Error: Cannot extract valid JSON from response: line 1 column 1 (char 0)
Raw response (14655 chars):
{
"id": "GSO_39b14df2059fa581",
"date_iso": "2026-01-11T00:00:00",
"full_text": "Năm 2025, kinh tế số tiếp tục khẳng định vai trò là một trong những động lực tăng trưởng quan trọng của nền kinh tế Việt Nam, gắn chặt với tiến trình chuyển đổi số quốc gia. Tỷ trọng giá trị tăng thêm của kinh tế số trong GDP ước đạt 14,02%, tương đương khoảng 72,1 tỷ USD, tăng 1,64 lần so với năm 2020. Kinh tế số phát triển theo cả chiều rộng và chiều sâu, trong đó các ngành kinh tế số lõi chiếm trên 60%, đồng thời mức độ số hóa trong các ngành, lĩnh vực ngày càng được mở rộng, đặc biệt là thương mại, tài chính, dịch vụ hành chính và hạ tầng năng lượng. Ở cấp địa phương, kinh tế số đã trở thành nhân tố tạo khác biệt về tăng trưởng, với một số tỉnh, thành phố có tỷ trọng đóng góp trong GRDP vượt 20%. Những kết quả này phản ánh hiệu quả bước đầu của Chiến lược chuyển đổi số quốc gia, vai trò dẫn dắt của Chính phủ số và nỗ lực đồng bộ của các cấp, các ngành, doanh nghiệp và người dân trong phát triển kinh tế số và xã hội số.\n1. Vai trò của kinh tế số\nKinh tế số giữ vai trò động lực trung tâm của tăng trưởng kinh tế nhanh và bền vững, thông qua việc ứng dụng công nghệ thông tin, trí tuệ nhân tạo, thương mại điện tử và các nền tảng số trong toàn bộ quá trình sản xuất – kinh doanh và quản lý xã hội. Việc đẩy mạnh chuyển đổi số góp phần nâng cao năng suất lao động, đổi mới mô hình tăng trưởng, mở rộng không gian thị trường, đồng thời cải thiện chất lượng dịch vụ và đời sống người dân.\nTrên thế giới, một số quốc gia đã nghiên cứu, công bố chỉ tiêu tỷ trọng giá trị tăng thêm của kinh tế số trong GDP nhưng không thường xuyên và có sự khác biệt về kết quả giữa các quốc gia, cụ thể: Ca-na-đa năm 2018 là 5,4% và năm 2019 là 5,5%; Mỹ giai đoạn 2020-2022 lần lượt là 10,4%, 10,3% và 10,1%; Ô-xtrây-li-a giai đoạn 2020-2024 lần lượt là 6,3%, 6,4%, 6,2%, 6,2% và 6,3%; Thái Lan [1] năm 2023 khoảng 6% (tương đương 36 tỷ đô la) và dự kiến sẽ đạt khoảng 11% vào năm 2027; Xin-ga-po năm 2022 là 17,3%, năm 2
... [truncated, total 14655 chars]
================================================================================

================================================================================
Article ID: GSO_39b14df2059fa581 | Attempt: 4
Error: Cannot extract valid JSON from response: line 1 column 1 (char 0)
Raw response (13300 chars):
{
"id": "GSO_39b14df2059fa581",
"date_iso": "2026-01-11T00:00:00",
"full_text": "Năm 2025, kinh tế số tiếp tục khẳng định vai trò là một trong những động lực tăng trưởng quan trọng của nền kinh tế Việt Nam, gắn chặt với tiến trình chuyển đổi số quốc gia. Tỷ trọng giá trị tăng thêm của kinh tế số trong GDP ước đạt 14,02%, tương đương khoảng 72,1 tỷ USD, tăng 1,64 lần so với năm 2020. Kinh tế số phát triển theo cả chiều rộng và chiều sâu, trong đó các ngành kinh tế số lõi chiếm trên 60%, đồng thời mức độ số hóa trong các ngành, lĩnh vực ngày càng được mở rộng, đặc biệt là thương mại, tài chính, dịch vụ hành chính và hạ tầng năng lượng. Ở cấp địa phương, kinh tế số đã trở thành nhân tố tạo khác biệt về tăng trưởng, với một số tỉnh, thành phố có tỷ trọng đóng góp trong GRDP vượt 20%. Những kết quả này phản ánh hiệu quả bước đầu của Chiến lược chuyển đổi số quốc gia, vai trò dẫn dắt của Chính phủ số và nỗ lực đồng bộ của các cấp, các ngành, doanh nghiệp và người dân trong phát triển kinh tế số và xã hội số.\n1. Vai trò của kinh tế số\nKinh tế số giữ vai trò động lực trung tâm của tăng trưởng kinh tế nhanh và bền vững, thông qua việc ứng dụng công nghệ thông tin, trí tuệ nhân tạo, thương mại điện tử và các nền tảng số trong toàn bộ quá trình sản xuất – kinh doanh và quản lý xã hội. Việc đẩy mạnh chuyển đổi số góp phần nâng cao năng suất lao động, đổi mới mô hình tăng trưởng, mở rộng không gian thị trường, đồng thời cải thiện chất lượng dịch vụ và đời sống người dân.\nTrên thế giới, một số quốc gia đã nghiên cứu, công bố chỉ tiêu tỷ trọng giá trị tăng thêm của kinh tế số trong GDP nhưng không thường xuyên và có sự khác biệt về kết quả giữa các quốc gia, cụ thể: Ca-na-đa năm 2018 là 5,4% và năm 2019 là 5,5%; Mỹ giai đoạn 2020-2022 lần lượt là 10,4%, 10,3% và 10,1%; Ô-xtrây-li-a giai đoạn 2020-2024 lần lượt là 6,3%, 6,4%, 6,2%, 6,2% và 6,3%; Thái Lan [1] năm 2023 khoảng 6% (tương đương 36 tỷ đô la) và dự kiến sẽ đạt khoảng 11% vào năm 2027; Xin-ga-po năm 2022 là 17,3%, năm 2
... [truncated, total 13300 chars]
================================================================================

================================================================================
Article ID: GSO_39b14df2059fa581 | Attempt: 5
Error: Cannot extract valid JSON from response: line 1 column 1 (char 0)
Raw response (14671 chars):
{
"id": "GSO_39b14df2059fa581",
"date_iso": "2026-01-11T00:00:00",
"full_text": "Năm 2025, kinh tế số tiếp tục khẳng định vai trò là một trong những động lực tăng trưởng quan trọng của nền kinh tế Việt Nam, gắn chặt với tiến trình chuyển đổi số quốc gia. Tỷ trọng giá trị tăng thêm của kinh tế số trong GDP ước đạt 14,02%, tương đương khoảng 72,1 tỷ USD, tăng 1,64 lần so với năm 2020. Kinh tế số phát triển theo cả chiều rộng và chiều sâu, trong đó các ngành kinh tế số lõi chiếm trên 60%, đồng thời mức độ số hóa trong các ngành, lĩnh vực ngày càng được mở rộng, đặc biệt là thương mại, tài chính, dịch vụ hành chính và hạ tầng năng lượng. Ở cấp địa phương, kinh tế số đã trở thành nhân tố tạo khác biệt về tăng trưởng, với một số tỉnh, thành phố có tỷ trọng đóng góp trong GRDP vượt 20%. Những kết quả này phản ánh hiệu quả bước đầu của Chiến lược chuyển đổi số quốc gia, vai trò dẫn dắt của Chính phủ số và nỗ lực đồng bộ của các cấp, các ngành, doanh nghiệp và người dân trong phát triển kinh tế số và xã hội số.\n1. Vai trò của kinh tế số\nKinh tế số giữ vai trò động lực trung tâm của tăng trưởng kinh tế nhanh và bền vững, thông qua việc ứng dụng công nghệ thông tin, trí tuệ nhân tạo, thương mại điện tử và các nền tảng số trong toàn bộ quá trình sản xuất – kinh doanh và quản lý xã hội. Việc đẩy mạnh chuyển đổi số góp phần nâng cao năng suất lao động, đổi mới mô hình tăng trưởng, mở rộng không gian thị trường, đồng thời cải thiện chất lượng dịch vụ và đời sống người dân.\nTrên thế giới, một số quốc gia đã nghiên cứu, công bố chỉ tiêu tỷ trọng giá trị tăng thêm của kinh tế số trong GDP nhưng không thường xuyên và có sự khác biệt về kết quả giữa các quốc gia, cụ thể: Ca-na-đa năm 2018 là 5,4% và năm 2019 là 5,5%; Mỹ giai đoạn 2020-2022 lần lượt là 10,4%, 10,3% và 10,1%; Ô-xtrây-li-a giai đoạn 2020-2024 lần lượt là 6,3%, 6,4%, 6,2%, 6,2% và 6,3%; Thái Lan [1] năm 2023 khoảng 6% (tương đương 36 tỷ đô la) và dự kiến sẽ đạt khoảng 11% vào năm 2027; Xin-ga-po năm 2022 là 17,3%, năm 2
... [truncated, total 14671 chars]
================================================================================

================================================================================
Article ID: GSO_4d14dfb370c8f895 | Attempt: 1
Error: Cannot extract valid JSON from response: line 1 column 1 (char 0)
Raw response (34402 chars):
{
"id": "GSO_4d14dfb370c8f895",
"date_iso": "2026-01-08T00:00:00",
"full_text": "Cục Thống kê công bố Báo cáo về tốc độ tăng trưởng sản phẩm trên địa bàn (GRDP) của 34 tỉnh, thành phố trực thuộc Trung ương năm 2025. Kết quả ước tính cho thấy, bức tranh tăng trưởng kinh tế của các địa phương năm 2025 tiếp tục xu hướng phục hồi và mở rộng trong bối cảnh còn nhiều khó khăn, thách thức đan xen. Tuy nhiên, mức độ phục hồi và tăng trưởng giữa các vùng, địa phương vẫn có sự phân hóa rõ nét. Các vùng động lực và cực tăng trưởng [1] tiếp tục giữ vai trò dẫn dắt, đóng góp tích cực vào tăng trưởng chung của cả nước; đồng thời nhiều địa phương có quy mô nhỏ đang từng bước tận dụng lợi thế hạ tầng, đầu tư công và chuyển dịch cơ cấu kinh tế để gia nhập nhóm tăng trưởng khá. Diễn biến này phản ánh khả năng thích ứng, linh hoạt của kinh tế địa phương và tạo nền tảng quan trọng cho giai đoạn phát triển tiếp theo.\n1. Bối cảnh và xu hướng tăng trưởng\nNăm 2025, tăng trưởng kinh tế địa phương diễn ra trong bối cảnh thế giới tiếp tục đối mặt với nhiều diễn biến phức tạp, tiềm ẩn rủi ro và bất định. Tăng trưởng toàn cầu phục hồi chậm và không đồng đều giữa các khu vực; chính sách tài khóa, tiền tệ có xu hướng nới lỏng nhưng dễ tổn thương; rủi ro thể chế, địa chính trị, gián đoạn cục bộ trong chuỗi cung ứng toàn cầu đã ảnh hưởng đến thương mại, đầu tư quốc tế, nhu cầu thị trường, hoạt động xuất khẩu và dòng vốn đầu tư.\nTrong nước, Chính phủ kiên định mục tiêu ổn định kinh tế vĩ mô, đồng thời triển khai đồng bộ các giải pháp hỗ trợ phục hồi và phát triển kinh tế- xã hội. Các chính sách miễn, giảm thuế, phí tiếp tục được thực hiện nhằm nhằm tháo gỡ khó khăn cho doanh nghiệp và người dân; việc đẩy nhanh tiến độ giải ngân và khơi thông nguồn vốn đầu tư công đã trở thành “bệ đỡ” quan trọng, góp phần duy trì đà tăng trưởng kinh tế tại nhiều địa phương.\nTrong bối cảnh GDP cả nước năm 2025 tăng trưởng khá, đạt 8,02%, tăng trưởng GRDP của các địa phương nhìn chung vận động theo xu hướng chung c
... [truncated, total 34402 chars]
================================================================================
